[
  {
    "aggregation_begin_time": "1658102400",    // 2022-07-18 00:00:00
    "agg_column_1": "dimValue1",
    "agg_column_2": "dimValue1",
    "agg_column_3": "dimValue1",
    "sum_integer_join1": -30,
    "sum_float_join1": -189.800,
    "sum_integer_join2": 394,
    "sum_float_join2": -12.08
  },
  {
    "aggregation_begin_time": "1658102400",    // 2022-07-18 00:00:00
    "agg_column_1": "dimValue1",
    "agg_column_2": "dimValue1",
    "agg_column_3": "dimValue2",
    "sum_integer_join1": 92,
    "sum_float_join1": 726.997,
    "sum_integer_join2": 58,
    "sum_float_join2": 21.07
  },
  {
    "aggregation_begin_time": "1658102400",    // 2022-07-18 00:00:00
    "agg_column_1": "dimValue1",
    "agg_column_2": "dimValue1",
    "agg_column_3": "dimValue3",
    "sum_integer_join1": -7,
    "sum_float_join1": -291.50,
    "sum_integer_join2": -22,
    "sum_float_join2": 346.17
  },
  {
    "aggregation_begin_time": "1658102400",    // 2022-07-18 00:00:00
    "agg_column_1": "dimValue1",
    "agg_column_2": "dimValue2",
    "agg_column_3": "dimValue1",
    "sum_integer_join1": -2,
    "sum_float_join1": -183.224,
    "sum_integer_join2": 458,
    "sum_float_join2": -97.60
  },
  {
    "aggregation_begin_time": "1658102400",    // 2022-07-18 00:00:00
    "agg_column_1": "dimValue1",
    "agg_column_2": "dimValue2",
    "agg_column_3": "dimValue2",
    "sum_integer_join1": 269,
    "sum_float_join1": -99.8,
    "sum_integer_join2": -327,
    "sum_float_join2": -3.9
  },
  {
    "aggregation_begin_time": "1658102400",    // 2022-07-18 00:00:00
    "agg_column_1": "dimValue1",
    "agg_column_2": "dimValue2",
    "agg_column_3": "dimValue3",
    "sum_integer_join1": -99,
    "sum_float_join1": -494.7,
    "sum_integer_join2": 850,
    "sum_float_join2": -1.675
  },
  {
    "aggregation_begin_time": "1658102400",    // 2022-07-18 00:00:00
    "agg_column_1": "dimValue1",
    "agg_column_2": "dimValue3",
    "agg_column_3": "dimValue1",
    "sum_integer_join1": 8,
    "sum_float_join1": -127.1,
    "sum_integer_join2": 9,
    "sum_float_join2": -4.645
  },
  {
    "aggregation_begin_time": "1658102400",    // 2022-07-18 00:00:00
    "agg_column_1": "dimValue1",
    "agg_column_2": "dimValue3",
    "agg_column_3": "dimValue2",
    "sum_integer_join1": 671,
    "sum_float_join1": -8.9,
    "sum_integer_join2": 6,
    "sum_float_join2": 111.610
  },
  {
    "aggregation_begin_time": "1658102400",    // 2022-07-18 00:00:00
    "agg_column_1": "dimValue1",
    "agg_column_2": "dimValue3",
    "agg_column_3": "dimValue3",
    "sum_integer_join1": 6,
    "sum_float_join1": -21.91,
    "sum_integer_join2": 692,
    "sum_float_join2": -90.7
  },
  {
    "aggregation_begin_time": "1658102400",    // 2022-07-18 00:00:00
    "agg_column_1": "dimValue2",
    "agg_column_2": "dimValue1",
    "agg_column_3": "dimValue1",
    "sum_integer_join1": -59,
    "sum_float_join1": -7.6,
    "sum_integer_join2": 6,
    "sum_float_join2": -575.730
  },
  {
    "aggregation_begin_time": "1658102400",    // 2022-07-18 00:00:00
    "agg_column_1": "dimValue2",
    "agg_column_2": "dimValue1",
    "agg_column_3": "dimValue2",
    "sum_integer_join1": -904,
    "sum_float_join1": -84.078,
    "sum_integer_join2": 762,
    "sum_float_join2": 513.80
  },
  {
    "aggregation_begin_time": "1658102400",    // 2022-07-18 00:00:00
    "agg_column_1": "dimValue2",
    "agg_column_2": "dimValue1",
    "agg_column_3": "dimValue3",
    "sum_integer_join1": -84,
    "sum_float_join1": 4.79,
    "sum_integer_join2": -424,
    "sum_float_join2": 593.23
  },
  {
    "aggregation_begin_time": "1658102400",    // 2022-07-18 00:00:00
    "agg_column_1": "dimValue2",
    "agg_column_2": "dimValue2",
    "agg_column_3": "dimValue1",
    "sum_integer_join1": -5,
    "sum_float_join1": 97.81,
    "sum_integer_join2": -698,
    "sum_float_join2": 96.926
  },
  {
    "aggregation_begin_time": "1658102400",    // 2022-07-18 00:00:00
    "agg_column_1": "dimValue2",
    "agg_column_2": "dimValue2",
    "agg_column_3": "dimValue2",
    "sum_integer_join1": 0,
    "sum_float_join1": 1.92,
    "sum_integer_join2": 7,
    "sum_float_join2": -98.3
  },
  {
    "aggregation_begin_time": "1658102400",    // 2022-07-18 00:00:00
    "agg_column_1": "dimValue2",
    "agg_column_2": "dimValue2",
    "agg_column_3": "dimValue3",
    "sum_integer_join1": 40,
    "sum_float_join1": -583.9,
    "sum_integer_join2": 645,
    "sum_float_join2": -91.70
  },
  {
    "aggregation_begin_time": "1658102400",    // 2022-07-18 00:00:00
    "agg_column_1": "dimValue2",
    "agg_column_2": "dimValue3",
    "agg_column_3": "dimValue1",
    "sum_integer_join1": -644,
    "sum_float_join1": 7.1,
    "sum_integer_join2": 5,
    "sum_float_join2": 58.623
  },
  {
    "aggregation_begin_time": "1658102400",    // 2022-07-18 00:00:00
    "agg_column_1": "dimValue2",
    "agg_column_2": "dimValue3",
    "agg_column_3": "dimValue2",
    "sum_integer_join1": -45,
    "sum_float_join1": 447.5,
    "sum_integer_join2": 7,
    "sum_float_join2": -325.12
  },
  {
    "aggregation_begin_time": "1658102400",    // 2022-07-18 00:00:00
    "agg_column_1": "dimValue2",
    "agg_column_2": "dimValue3",
    "agg_column_3": "dimValue3",
    "sum_integer_join1": -5,
    "sum_float_join1": -13.98,
    "sum_integer_join2": 864,
    "sum_float_join2": -4.604
  },
  {
    "aggregation_begin_time": "1658102400",    // 2022-07-18 00:00:00
    "agg_column_1": "dimValue3",
    "agg_column_2": "dimValue1",
    "agg_column_3": "dimValue1",
    "sum_integer_join1": 437,
    "sum_float_join1": -94.4,
    "sum_integer_join2": -1,
    "sum_float_join2": 699.6
  },
  {
    "aggregation_begin_time": "1658102400",    // 2022-07-18 00:00:00
    "agg_column_1": "dimValue3",
    "agg_column_2": "dimValue1",
    "agg_column_3": "dimValue2",
    "sum_integer_join1": -46,
    "sum_float_join1": -359.551,
    "sum_integer_join2": 5,
    "sum_float_join2": -74.33
  },
  {
    "aggregation_begin_time": "1658102400",    // 2022-07-18 00:00:00
    "agg_column_1": "dimValue3",
    "agg_column_2": "dimValue1",
    "agg_column_3": "dimValue3",
    "sum_integer_join1": 0,
    "sum_float_join1": -4.37,
    "sum_integer_join2": -3,
    "sum_float_join2": 648.0
  },
  {
    "aggregation_begin_time": "1658102400",    // 2022-07-18 00:00:00
    "agg_column_1": "dimValue3",
    "agg_column_2": "dimValue2",
    "agg_column_3": "dimValue1",
    "sum_integer_join1": 342,
    "sum_float_join1": -60.18,
    "sum_integer_join2": -2,
    "sum_float_join2": 701.50
  },
  {
    "aggregation_begin_time": "1658102400",    // 2022-07-18 00:00:00
    "agg_column_1": "dimValue3",
    "agg_column_2": "dimValue2",
    "agg_column_3": "dimValue2",
    "sum_integer_join1": 74,
    "sum_float_join1": -8.1,
    "sum_integer_join2": 515,
    "sum_float_join2": -338.13
  },
  {
    "aggregation_begin_time": "1658102400",    // 2022-07-18 00:00:00
    "agg_column_1": "dimValue3",
    "agg_column_2": "dimValue2",
    "agg_column_3": "dimValue3",
    "sum_integer_join1": 8,
    "sum_float_join1": -4.517,
    "sum_integer_join2": -86,
    "sum_float_join2": 171.250
  },
  {
    "aggregation_begin_time": "1658102400",    // 2022-07-18 00:00:00
    "agg_column_1": "dimValue3",
    "agg_column_2": "dimValue3",
    "agg_column_3": "dimValue1",
    "sum_integer_join1": -5,
    "sum_float_join1": -732.785,
    "sum_integer_join2": 19,
    "sum_float_join2": 62.350
  },
  {
    "aggregation_begin_time": "1658102400",    // 2022-07-18 00:00:00
    "agg_column_1": "dimValue3",
    "agg_column_2": "dimValue3",
    "agg_column_3": "dimValue2",
    "sum_integer_join1": -620,
    "sum_float_join1": -79.932,
    "sum_integer_join2": -9,
    "sum_float_join2": -9.78
  },
  {
    "aggregation_begin_time": "1658102400",    // 2022-07-18 00:00:00
    "agg_column_1": "dimValue3",
    "agg_column_2": "dimValue3",
    "agg_column_3": "dimValue3",
    "sum_integer_join1": 0,
    "sum_float_join1": -582.9,
    "sum_integer_join2": 4,
    "sum_float_join2": -9.800
  },
  {
    "aggregation_begin_time": "1658188800",    // 2022-07-19 00:00:00
    "agg_column_1": "dimValue1",
    "agg_column_2": "dimValue1",
    "agg_column_3": "dimValue1",
    "sum_integer_join1": 1,
    "sum_float_join1": -329.6,
    "sum_integer_join2": 9,
    "sum_float_join2": -76.62
  },
  {
    "aggregation_begin_time": "1658188800",    // 2022-07-19 00:00:00
    "agg_column_1": "dimValue1",
    "agg_column_2": "dimValue1",
    "agg_column_3": "dimValue2",
    "sum_integer_join1": 868,
    "sum_float_join1": 545.26,
    "sum_integer_join2": -7,
    "sum_float_join2": -491.20
  },
  {
    "aggregation_begin_time": "1658188800",    // 2022-07-19 00:00:00
    "agg_column_1": "dimValue1",
    "agg_column_2": "dimValue1",
    "agg_column_3": "dimValue3",
    "sum_integer_join1": -131,
    "sum_float_join1": 40.12,
    "sum_integer_join2": 0,
    "sum_float_join2": 653.3
  },
  {
    "aggregation_begin_time": "1658188800",    // 2022-07-19 00:00:00
    "agg_column_1": "dimValue1",
    "agg_column_2": "dimValue2",
    "agg_column_3": "dimValue1",
    "sum_integer_join1": 89,
    "sum_float_join1": 20.8,
    "sum_integer_join2": -820,
    "sum_float_join2": 682.20
  },
  {
    "aggregation_begin_time": "1658188800",    // 2022-07-19 00:00:00
    "agg_column_1": "dimValue1",
    "agg_column_2": "dimValue2",
    "agg_column_3": "dimValue2",
    "sum_integer_join1": 687,
    "sum_float_join1": 0.067,
    "sum_integer_join2": 7,
    "sum_float_join2": 1.6
  },
  {
    "aggregation_begin_time": "1658188800",    // 2022-07-19 00:00:00
    "agg_column_1": "dimValue1",
    "agg_column_2": "dimValue2",
    "agg_column_3": "dimValue3",
    "sum_integer_join1": 69,
    "sum_float_join1": 95.2,
    "sum_integer_join2": 1,
    "sum_float_join2": -96.004
  },
  {
    "aggregation_begin_time": "1658188800",    // 2022-07-19 00:00:00
    "agg_column_1": "dimValue1",
    "agg_column_2": "dimValue3",
    "agg_column_3": "dimValue1",
    "sum_integer_join1": -102,
    "sum_float_join1": -93.6,
    "sum_integer_join2": 7,
    "sum_float_join2": -33.600
  },
  {
    "aggregation_begin_time": "1658188800",    // 2022-07-19 00:00:00
    "agg_column_1": "dimValue1",
    "agg_column_2": "dimValue3",
    "agg_column_3": "dimValue2",
    "sum_integer_join1": 680,
    "sum_float_join1": -29.34,
    "sum_integer_join2": 65,
    "sum_float_join2": 319.0
  },
  {
    "aggregation_begin_time": "1658188800",    // 2022-07-19 00:00:00
    "agg_column_1": "dimValue1",
    "agg_column_2": "dimValue3",
    "agg_column_3": "dimValue3",
    "sum_integer_join1": -450,
    "sum_float_join1": 83.90,
    "sum_integer_join2": 5,
    "sum_float_join2": 7.13
  },
  {
    "aggregation_begin_time": "1658188800",    // 2022-07-19 00:00:00
    "agg_column_1": "dimValue2",
    "agg_column_2": "dimValue1",
    "agg_column_3": "dimValue1",
    "sum_integer_join1": 676,
    "sum_float_join1": 8.131,
    "sum_integer_join2": 7,
    "sum_float_join2": -8.657
  },
  {
    "aggregation_begin_time": "1658188800",    // 2022-07-19 00:00:00
    "agg_column_1": "dimValue2",
    "agg_column_2": "dimValue1",
    "agg_column_3": "dimValue2",
    "sum_integer_join1": -5,
    "sum_float_join1": 624.05,
    "sum_integer_join2": -2,
    "sum_float_join2": 8.439
  },
  {
    "aggregation_begin_time": "1658188800",    // 2022-07-19 00:00:00
    "agg_column_1": "dimValue2",
    "agg_column_2": "dimValue1",
    "agg_column_3": "dimValue3",
    "sum_integer_join1": -4,
    "sum_float_join1": -72.457,
    "sum_integer_join2": 40,
    "sum_float_join2": -35.765
  },
  {
    "aggregation_begin_time": "1658188800",    // 2022-07-19 00:00:00
    "agg_column_1": "dimValue2",
    "agg_column_2": "dimValue2",
    "agg_column_3": "dimValue1",
    "sum_integer_join1": -7,
    "sum_float_join1": 96.8,
    "sum_integer_join2": 47,
    "sum_float_join2": 447.8
  },
  {
    "aggregation_begin_time": "1658188800",    // 2022-07-19 00:00:00
    "agg_column_1": "dimValue2",
    "agg_column_2": "dimValue2",
    "agg_column_3": "dimValue2",
    "sum_integer_join1": -161,
    "sum_float_join1": 592.73,
    "sum_integer_join2": -6,
    "sum_float_join2": 36.578
  },
  {
    "aggregation_begin_time": "1658188800",    // 2022-07-19 00:00:00
    "agg_column_1": "dimValue2",
    "agg_column_2": "dimValue2",
    "agg_column_3": "dimValue3",
    "sum_integer_join1": -41,
    "sum_float_join1": 6.825,
    "sum_integer_join2": -8,
    "sum_float_join2": 31.389
  },
  {
    "aggregation_begin_time": "1658188800",    // 2022-07-19 00:00:00
    "agg_column_1": "dimValue2",
    "agg_column_2": "dimValue3",
    "agg_column_3": "dimValue1",
    "sum_integer_join1": 696,
    "sum_float_join1": 32.329,
    "sum_integer_join2": 11,
    "sum_float_join2": 9.96
  },
  {
    "aggregation_begin_time": "1658188800",    // 2022-07-19 00:00:00
    "agg_column_1": "dimValue2",
    "agg_column_2": "dimValue3",
    "agg_column_3": "dimValue2",
    "sum_integer_join1": -30,
    "sum_float_join1": 7.7,
    "sum_integer_join2": 519,
    "sum_float_join2": 0.236
  },
  {
    "aggregation_begin_time": "1658188800",    // 2022-07-19 00:00:00
    "agg_column_1": "dimValue2",
    "agg_column_2": "dimValue3",
    "agg_column_3": "dimValue3",
    "sum_integer_join1": -3,
    "sum_float_join1": -464.73,
    "sum_integer_join2": 6,
    "sum_float_join2": 1.3
  },
  {
    "aggregation_begin_time": "1658188800",    // 2022-07-19 00:00:00
    "agg_column_1": "dimValue3",
    "agg_column_2": "dimValue1",
    "agg_column_3": "dimValue1",
    "sum_integer_join1": -37,
    "sum_float_join1": -900.216,
    "sum_integer_join2": 4,
    "sum_float_join2": -93.14
  },
  {
    "aggregation_begin_time": "1658188800",    // 2022-07-19 00:00:00
    "agg_column_1": "dimValue3",
    "agg_column_2": "dimValue1",
    "agg_column_3": "dimValue2",
    "sum_integer_join1": 9,
    "sum_float_join1": -9.078,
    "sum_integer_join2": 17,
    "sum_float_join2": 8.15
  },
  {
    "aggregation_begin_time": "1658188800",    // 2022-07-19 00:00:00
    "agg_column_1": "dimValue3",
    "agg_column_2": "dimValue1",
    "agg_column_3": "dimValue3",
    "sum_integer_join1": -108,
    "sum_float_join1": 487.69,
    "sum_integer_join2": -472,
    "sum_float_join2": -58.4
  },
  {
    "aggregation_begin_time": "1658188800",    // 2022-07-19 00:00:00
    "agg_column_1": "dimValue3",
    "agg_column_2": "dimValue2",
    "agg_column_3": "dimValue1",
    "sum_integer_join1": -91,
    "sum_float_join1": -78.228,
    "sum_integer_join2": -9,
    "sum_float_join2": 19.510
  },
  {
    "aggregation_begin_time": "1658188800",    // 2022-07-19 00:00:00
    "agg_column_1": "dimValue3",
    "agg_column_2": "dimValue2",
    "agg_column_3": "dimValue2",
    "sum_integer_join1": 29,
    "sum_float_join1": 957.93,
    "sum_integer_join2": 34,
    "sum_float_join2": 34.52
  },
  {
    "aggregation_begin_time": "1658188800",    // 2022-07-19 00:00:00
    "agg_column_1": "dimValue3",
    "agg_column_2": "dimValue2",
    "agg_column_3": "dimValue3",
    "sum_integer_join1": 576,
    "sum_float_join1": 8.9,
    "sum_integer_join2": -132,
    "sum_float_join2": 823.68
  },
  {
    "aggregation_begin_time": "1658188800",    // 2022-07-19 00:00:00
    "agg_column_1": "dimValue3",
    "agg_column_2": "dimValue3",
    "agg_column_3": "dimValue1",
    "sum_integer_join1": -111,
    "sum_float_join1": -3.0,
    "sum_integer_join2": 842,
    "sum_float_join2": 83.184
  },
  {
    "aggregation_begin_time": "1658188800",    // 2022-07-19 00:00:00
    "agg_column_1": "dimValue3",
    "agg_column_2": "dimValue3",
    "agg_column_3": "dimValue2",
    "sum_integer_join1": -7,
    "sum_float_join1": -940.828,
    "sum_integer_join2": 9,
    "sum_float_join2": 112.6
  },
  {
    "aggregation_begin_time": "1658188800",    // 2022-07-19 00:00:00
    "agg_column_1": "dimValue3",
    "agg_column_2": "dimValue3",
    "agg_column_3": "dimValue3",
    "sum_integer_join1": -50,
    "sum_float_join1": -641.3,
    "sum_integer_join2": 736,
    "sum_float_join2": 233.702
  },
  {
    "aggregation_begin_time": "1658275200",    // 2022-07-20 00:00:00
    "agg_column_1": "dimValue1",
    "agg_column_2": "dimValue1",
    "agg_column_3": "dimValue1",
    "sum_integer_join1": -7,
    "sum_float_join1": -3.72,
    "sum_integer_join2": -584,
    "sum_float_join2": -3.93
  },
  {
    "aggregation_begin_time": "1658275200",    // 2022-07-20 00:00:00
    "agg_column_1": "dimValue1",
    "agg_column_2": "dimValue1",
    "agg_column_3": "dimValue2",
    "sum_integer_join1": 1,
    "sum_float_join1": 0.021,
    "sum_integer_join2": 35,
    "sum_float_join2": -3.907
  },
  {
    "aggregation_begin_time": "1658275200",    // 2022-07-20 00:00:00
    "agg_column_1": "dimValue1",
    "agg_column_2": "dimValue1",
    "agg_column_3": "dimValue3",
    "sum_integer_join1": -942,
    "sum_float_join1": 52.117,
    "sum_integer_join2": 622,
    "sum_float_join2": 805.558
  },
  {
    "aggregation_begin_time": "1658275200",    // 2022-07-20 00:00:00
    "agg_column_1": "dimValue1",
    "agg_column_2": "dimValue2",
    "agg_column_3": "dimValue1",
    "sum_integer_join1": -920,
    "sum_float_join1": -514.826,
    "sum_integer_join2": -74,
    "sum_float_join2": 7.1
  },
  {
    "aggregation_begin_time": "1658275200",    // 2022-07-20 00:00:00
    "agg_column_1": "dimValue1",
    "agg_column_2": "dimValue2",
    "agg_column_3": "dimValue2",
    "sum_integer_join1": -13,
    "sum_float_join1": -5.593,
    "sum_integer_join2": -4,
    "sum_float_join2": -5.03
  },
  {
    "aggregation_begin_time": "1658275200",    // 2022-07-20 00:00:00
    "agg_column_1": "dimValue1",
    "agg_column_2": "dimValue2",
    "agg_column_3": "dimValue3",
    "sum_integer_join1": -53,
    "sum_float_join1": -215.15,
    "sum_integer_join2": 8,
    "sum_float_join2": 464.47
  },
  {
    "aggregation_begin_time": "1658275200",    // 2022-07-20 00:00:00
    "agg_column_1": "dimValue1",
    "agg_column_2": "dimValue3",
    "agg_column_3": "dimValue1",
    "sum_integer_join1": 780,
    "sum_float_join1": 81.59,
    "sum_integer_join2": -249,
    "sum_float_join2": -46.8
  },
  {
    "aggregation_begin_time": "1658275200",    // 2022-07-20 00:00:00
    "agg_column_1": "dimValue1",
    "agg_column_2": "dimValue3",
    "agg_column_3": "dimValue2",
    "sum_integer_join1": -18,
    "sum_float_join1": 508.85,
    "sum_integer_join2": -52,
    "sum_float_join2": -8.51
  },
  {
    "aggregation_begin_time": "1658275200",    // 2022-07-20 00:00:00
    "agg_column_1": "dimValue1",
    "agg_column_2": "dimValue3",
    "agg_column_3": "dimValue3",
    "sum_integer_join1": -6,
    "sum_float_join1": -5.8,
    "sum_integer_join2": 478,
    "sum_float_join2": -5.9
  },
  {
    "aggregation_begin_time": "1658275200",    // 2022-07-20 00:00:00
    "agg_column_1": "dimValue2",
    "agg_column_2": "dimValue1",
    "agg_column_3": "dimValue1",
    "sum_integer_join1": 561,
    "sum_float_join1": 4.092,
    "sum_integer_join2": 54,
    "sum_float_join2": 2.203
  },
  {
    "aggregation_begin_time": "1658275200",    // 2022-07-20 00:00:00
    "agg_column_1": "dimValue2",
    "agg_column_2": "dimValue1",
    "agg_column_3": "dimValue2",
    "sum_integer_join1": -70,
    "sum_float_join1": -976.76,
    "sum_integer_join2": 44,
    "sum_float_join2": -2.673
  },
  {
    "aggregation_begin_time": "1658275200",    // 2022-07-20 00:00:00
    "agg_column_1": "dimValue2",
    "agg_column_2": "dimValue1",
    "agg_column_3": "dimValue3",
    "sum_integer_join1": -3,
    "sum_float_join1": -93.0,
    "sum_integer_join2": 2,
    "sum_float_join2": -415.549
  },
  {
    "aggregation_begin_time": "1658275200",    // 2022-07-20 00:00:00
    "agg_column_1": "dimValue2",
    "agg_column_2": "dimValue2",
    "agg_column_3": "dimValue1",
    "sum_integer_join1": 974,
    "sum_float_join1": 9.0,
    "sum_integer_join2": 4,
    "sum_float_join2": 9.1
  },
  {
    "aggregation_begin_time": "1658275200",    // 2022-07-20 00:00:00
    "agg_column_1": "dimValue2",
    "agg_column_2": "dimValue2",
    "agg_column_3": "dimValue2",
    "sum_integer_join1": -97,
    "sum_float_join1": -51.48,
    "sum_integer_join2": -21,
    "sum_float_join2": 16.37
  },
  {
    "aggregation_begin_time": "1658275200",    // 2022-07-20 00:00:00
    "agg_column_1": "dimValue2",
    "agg_column_2": "dimValue2",
    "agg_column_3": "dimValue3",
    "sum_integer_join1": 6,
    "sum_float_join1": 68.0,
    "sum_integer_join2": -20,
    "sum_float_join2": -655.0
  },
  {
    "aggregation_begin_time": "1658275200",    // 2022-07-20 00:00:00
    "agg_column_1": "dimValue2",
    "agg_column_2": "dimValue3",
    "agg_column_3": "dimValue1",
    "sum_integer_join1": 38,
    "sum_float_join1": 57.810,
    "sum_integer_join2": 1,
    "sum_float_join2": -55.3
  },
  {
    "aggregation_begin_time": "1658275200",    // 2022-07-20 00:00:00
    "agg_column_1": "dimValue2",
    "agg_column_2": "dimValue3",
    "agg_column_3": "dimValue2",
    "sum_integer_join1": 775,
    "sum_float_join1": -489.665,
    "sum_integer_join2": 9,
    "sum_float_join2": -268.02
  },
  {
    "aggregation_begin_time": "1658275200",    // 2022-07-20 00:00:00
    "agg_column_1": "dimValue2",
    "agg_column_2": "dimValue3",
    "agg_column_3": "dimValue3",
    "sum_integer_join1": 65,
    "sum_float_join1": 1.369,
    "sum_integer_join2": -596,
    "sum_float_join2": 9.03
  },
  {
    "aggregation_begin_time": "1658275200",    // 2022-07-20 00:00:00
    "agg_column_1": "dimValue3",
    "agg_column_2": "dimValue1",
    "agg_column_3": "dimValue1",
    "sum_integer_join1": 2,
    "sum_float_join1": -7.3,
    "sum_integer_join2": 18,
    "sum_float_join2": 607.95
  },
  {
    "aggregation_begin_time": "1658275200",    // 2022-07-20 00:00:00
    "agg_column_1": "dimValue3",
    "agg_column_2": "dimValue1",
    "agg_column_3": "dimValue2",
    "sum_integer_join1": -63,
    "sum_float_join1": 7.596,
    "sum_integer_join2": -3,
    "sum_float_join2": -0.97
  },
  {
    "aggregation_begin_time": "1658275200",    // 2022-07-20 00:00:00
    "agg_column_1": "dimValue3",
    "agg_column_2": "dimValue1",
    "agg_column_3": "dimValue3",
    "sum_integer_join1": -207,
    "sum_float_join1": -27.211,
    "sum_integer_join2": -850,
    "sum_float_join2": -9.8
  },
  {
    "aggregation_begin_time": "1658275200",    // 2022-07-20 00:00:00
    "agg_column_1": "dimValue3",
    "agg_column_2": "dimValue2",
    "agg_column_3": "dimValue1",
    "sum_integer_join1": -8,
    "sum_float_join1": 5.672,
    "sum_integer_join2": -6,
    "sum_float_join2": -53.56
  },
  {
    "aggregation_begin_time": "1658275200",    // 2022-07-20 00:00:00
    "agg_column_1": "dimValue3",
    "agg_column_2": "dimValue2",
    "agg_column_3": "dimValue2",
    "sum_integer_join1": 15,
    "sum_float_join1": -8.78,
    "sum_integer_join2": 99,
    "sum_float_join2": -222.1
  },
  {
    "aggregation_begin_time": "1658275200",    // 2022-07-20 00:00:00
    "agg_column_1": "dimValue3",
    "agg_column_2": "dimValue2",
    "agg_column_3": "dimValue3",
    "sum_integer_join1": -709,
    "sum_float_join1": -5.061,
    "sum_integer_join2": 98,
    "sum_float_join2": -60.899
  },
  {
    "aggregation_begin_time": "1658275200",    // 2022-07-20 00:00:00
    "agg_column_1": "dimValue3",
    "agg_column_2": "dimValue3",
    "agg_column_3": "dimValue1",
    "sum_integer_join1": -9,
    "sum_float_join1": 6.7,
    "sum_integer_join2": 419,
    "sum_float_join2": 1.53
  },
  {
    "aggregation_begin_time": "1658275200",    // 2022-07-20 00:00:00
    "agg_column_1": "dimValue3",
    "agg_column_2": "dimValue3",
    "agg_column_3": "dimValue2",
    "sum_integer_join1": -7,
    "sum_float_join1": 883.32,
    "sum_integer_join2": 0,
    "sum_float_join2": -10.587
  },
  {
    "aggregation_begin_time": "1658275200",    // 2022-07-20 00:00:00
    "agg_column_1": "dimValue3",
    "agg_column_2": "dimValue3",
    "agg_column_3": "dimValue3",
    "sum_integer_join1": -45,
    "sum_float_join1": -2.51,
    "sum_integer_join2": -20,
    "sum_float_join2": -4.904
  },
  {
    "aggregation_begin_time": "1658361600",    // 2022-07-21 00:00:00
    "agg_column_1": "dimValue1",
    "agg_column_2": "dimValue1",
    "agg_column_3": "dimValue1",
    "sum_integer_join1": 5,
    "sum_float_join1": 5.3,
    "sum_integer_join2": -384,
    "sum_float_join2": 0.58
  },
  {
    "aggregation_begin_time": "1658361600",    // 2022-07-21 00:00:00
    "agg_column_1": "dimValue1",
    "agg_column_2": "dimValue1",
    "agg_column_3": "dimValue2",
    "sum_integer_join1": 78,
    "sum_float_join1": -41.5,
    "sum_integer_join2": -264,
    "sum_float_join2": 8.961
  },
  {
    "aggregation_begin_time": "1658361600",    // 2022-07-21 00:00:00
    "agg_column_1": "dimValue1",
    "agg_column_2": "dimValue1",
    "agg_column_3": "dimValue3",
    "sum_integer_join1": 80,
    "sum_float_join1": 3.727,
    "sum_integer_join2": -7,
    "sum_float_join2": 65.397
  },
  {
    "aggregation_begin_time": "1658361600",    // 2022-07-21 00:00:00
    "agg_column_1": "dimValue1",
    "agg_column_2": "dimValue2",
    "agg_column_3": "dimValue1",
    "sum_integer_join1": 7,
    "sum_float_join1": -169.2,
    "sum_integer_join2": -124,
    "sum_float_join2": -174.083
  },
  {
    "aggregation_begin_time": "1658361600",    // 2022-07-21 00:00:00
    "agg_column_1": "dimValue1",
    "agg_column_2": "dimValue2",
    "agg_column_3": "dimValue2",
    "sum_integer_join1": -5,
    "sum_float_join1": -385.5,
    "sum_integer_join2": 1,
    "sum_float_join2": -75.826
  },
  {
    "aggregation_begin_time": "1658361600",    // 2022-07-21 00:00:00
    "agg_column_1": "dimValue1",
    "agg_column_2": "dimValue2",
    "agg_column_3": "dimValue3",
    "sum_integer_join1": 76,
    "sum_float_join1": -90.8,
    "sum_integer_join2": 4,
    "sum_float_join2": 92.533
  },
  {
    "aggregation_begin_time": "1658361600",    // 2022-07-21 00:00:00
    "agg_column_1": "dimValue1",
    "agg_column_2": "dimValue3",
    "agg_column_3": "dimValue1",
    "sum_integer_join1": 4,
    "sum_float_join1": -1.511,
    "sum_integer_join2": 0,
    "sum_float_join2": 88.00
  },
  {
    "aggregation_begin_time": "1658361600",    // 2022-07-21 00:00:00
    "agg_column_1": "dimValue1",
    "agg_column_2": "dimValue3",
    "agg_column_3": "dimValue2",
    "sum_integer_join1": 75,
    "sum_float_join1": -23.9,
    "sum_integer_join2": 4,
    "sum_float_join2": 559.016
  },
  {
    "aggregation_begin_time": "1658361600",    // 2022-07-21 00:00:00
    "agg_column_1": "dimValue1",
    "agg_column_2": "dimValue3",
    "agg_column_3": "dimValue3",
    "sum_integer_join1": -2,
    "sum_float_join1": -296.73,
    "sum_integer_join2": 523,
    "sum_float_join2": -28.09
  },
  {
    "aggregation_begin_time": "1658361600",    // 2022-07-21 00:00:00
    "agg_column_1": "dimValue2",
    "agg_column_2": "dimValue1",
    "agg_column_3": "dimValue1",
    "sum_integer_join1": -7,
    "sum_float_join1": -340.163,
    "sum_integer_join2": -780,
    "sum_float_join2": -26.2
  },
  {
    "aggregation_begin_time": "1658361600",    // 2022-07-21 00:00:00
    "agg_column_1": "dimValue2",
    "agg_column_2": "dimValue1",
    "agg_column_3": "dimValue2",
    "sum_integer_join1": 469,
    "sum_float_join1": 500.515,
    "sum_integer_join2": 211,
    "sum_float_join2": -786.738
  },
  {
    "aggregation_begin_time": "1658361600",    // 2022-07-21 00:00:00
    "agg_column_1": "dimValue2",
    "agg_column_2": "dimValue1",
    "agg_column_3": "dimValue3",
    "sum_integer_join1": -25,
    "sum_float_join1": -6.25,
    "sum_integer_join2": -57,
    "sum_float_join2": 8.3
  },
  {
    "aggregation_begin_time": "1658361600",    // 2022-07-21 00:00:00
    "agg_column_1": "dimValue2",
    "agg_column_2": "dimValue2",
    "agg_column_3": "dimValue1",
    "sum_integer_join1": -1,
    "sum_float_join1": -37.09,
    "sum_integer_join2": -616,
    "sum_float_join2": 61.481
  },
  {
    "aggregation_begin_time": "1658361600",    // 2022-07-21 00:00:00
    "agg_column_1": "dimValue2",
    "agg_column_2": "dimValue2",
    "agg_column_3": "dimValue2",
    "sum_integer_join1": 9,
    "sum_float_join1": -25.615,
    "sum_integer_join2": -7,
    "sum_float_join2": -17.26
  },
  {
    "aggregation_begin_time": "1658361600",    // 2022-07-21 00:00:00
    "agg_column_1": "dimValue2",
    "agg_column_2": "dimValue2",
    "agg_column_3": "dimValue3",
    "sum_integer_join1": -8,
    "sum_float_join1": 5.4,
    "sum_integer_join2": 76,
    "sum_float_join2": 557.042
  },
  {
    "aggregation_begin_time": "1658361600",    // 2022-07-21 00:00:00
    "agg_column_1": "dimValue2",
    "agg_column_2": "dimValue3",
    "agg_column_3": "dimValue1",
    "sum_integer_join1": -743,
    "sum_float_join1": 221.34,
    "sum_integer_join2": 749,
    "sum_float_join2": -10.16
  },
  {
    "aggregation_begin_time": "1658361600",    // 2022-07-21 00:00:00
    "agg_column_1": "dimValue2",
    "agg_column_2": "dimValue3",
    "agg_column_3": "dimValue2",
    "sum_integer_join1": 5,
    "sum_float_join1": -85.60,
    "sum_integer_join2": 9,
    "sum_float_join2": 64.45
  },
  {
    "aggregation_begin_time": "1658361600",    // 2022-07-21 00:00:00
    "agg_column_1": "dimValue2",
    "agg_column_2": "dimValue3",
    "agg_column_3": "dimValue3",
    "sum_integer_join1": 100,
    "sum_float_join1": -329.482,
    "sum_integer_join2": 8,
    "sum_float_join2": -925.4
  },
  {
    "aggregation_begin_time": "1658361600",    // 2022-07-21 00:00:00
    "agg_column_1": "dimValue3",
    "agg_column_2": "dimValue1",
    "agg_column_3": "dimValue1",
    "sum_integer_join1": 5,
    "sum_float_join1": -424.16,
    "sum_integer_join2": -214,
    "sum_float_join2": -772.972
  },
  {
    "aggregation_begin_time": "1658361600",    // 2022-07-21 00:00:00
    "agg_column_1": "dimValue3",
    "agg_column_2": "dimValue1",
    "agg_column_3": "dimValue2",
    "sum_integer_join1": 9,
    "sum_float_join1": -91.8,
    "sum_integer_join2": -488,
    "sum_float_join2": -455.518
  },
  {
    "aggregation_begin_time": "1658361600",    // 2022-07-21 00:00:00
    "agg_column_1": "dimValue3",
    "agg_column_2": "dimValue1",
    "agg_column_3": "dimValue3",
    "sum_integer_join1": 7,
    "sum_float_join1": 216.53,
    "sum_integer_join2": 1,
    "sum_float_join2": 996.0
  },
  {
    "aggregation_begin_time": "1658361600",    // 2022-07-21 00:00:00
    "agg_column_1": "dimValue3",
    "agg_column_2": "dimValue2",
    "agg_column_3": "dimValue1",
    "sum_integer_join1": 41,
    "sum_float_join1": 7.750,
    "sum_integer_join2": -5,
    "sum_float_join2": -829.16
  },
  {
    "aggregation_begin_time": "1658361600",    // 2022-07-21 00:00:00
    "agg_column_1": "dimValue3",
    "agg_column_2": "dimValue2",
    "agg_column_3": "dimValue2",
    "sum_integer_join1": 64,
    "sum_float_join1": -46.4,
    "sum_integer_join2": 788,
    "sum_float_join2": 4.1
  },
  {
    "aggregation_begin_time": "1658361600",    // 2022-07-21 00:00:00
    "agg_column_1": "dimValue3",
    "agg_column_2": "dimValue2",
    "agg_column_3": "dimValue3",
    "sum_integer_join1": -62,
    "sum_float_join1": -6.1,
    "sum_integer_join2": 46,
    "sum_float_join2": 3.60
  },
  {
    "aggregation_begin_time": "1658361600",    // 2022-07-21 00:00:00
    "agg_column_1": "dimValue3",
    "agg_column_2": "dimValue3",
    "agg_column_3": "dimValue1",
    "sum_integer_join1": 86,
    "sum_float_join1": 802.2,
    "sum_integer_join2": 40,
    "sum_float_join2": -683.42
  },
  {
    "aggregation_begin_time": "1658361600",    // 2022-07-21 00:00:00
    "agg_column_1": "dimValue3",
    "agg_column_2": "dimValue3",
    "agg_column_3": "dimValue2",
    "sum_integer_join1": -865,
    "sum_float_join1": 674.43,
    "sum_integer_join2": -8,
    "sum_float_join2": 84.51
  },
  {
    "aggregation_begin_time": "1658361600",    // 2022-07-21 00:00:00
    "agg_column_1": "dimValue3",
    "agg_column_2": "dimValue3",
    "agg_column_3": "dimValue3",
    "sum_integer_join1": 5,
    "sum_float_join1": -80.8,
    "sum_integer_join2": 24,
    "sum_float_join2": -697.4
  }
]